#
# There is insufficient memory for the Java Runtime Environment to continue.
# Native memory allocation (malloc) failed to allocate 723376 bytes. Error detail: Chunk::new
# Possible reasons:
#   The system is out of physical RAM or swap space
#   This process is running with CompressedOops enabled, and the Java Heap may be blocking the growth of the native heap
# Possible solutions:
#   Reduce memory load on the system
#   Increase physical memory or swap space
#   Check if swap backing store is full
#   Decrease Java heap size (-Xmx/-Xms)
#   Decrease number of Java threads
#   Decrease Java thread stack sizes (-Xss)
#   Set larger code cache with -XX:ReservedCodeCacheSize=
#   JVM is running with Unscaled Compressed Oops mode in which the Java heap is
#     placed in the first 4GB address space. The Java Heap base address is the
#     maximum limit for the native heap growth. Please use -XX:HeapBaseMinAddress
#     to set the Java Heap base and to place the Java Heap above 4GB virtual address.
# This output file may be truncated or incomplete.
#
#  Out of Memory Error (arena.cpp:191), pid=6672, tid=23984
#
# JRE version: OpenJDK Runtime Environment (17.0.11) (build 17.0.11+0--11852314)
# Java VM: OpenJDK 64-Bit Server VM (17.0.11+0--11852314, mixed mode, tiered, compressed oops, compressed class ptrs, g1 gc, windows-amd64)
# No core dump will be written. Minidumps are not enabled by default on client versions of Windows
#

---------------  S U M M A R Y ------------

Command Line: --add-opens=java.base/java.util=ALL-UNNAMED --add-opens=java.base/java.lang=ALL-UNNAMED --add-opens=java.base/java.lang.invoke=ALL-UNNAMED --add-opens=java.prefs/java.util.prefs=ALL-UNNAMED --add-exports=jdk.compiler/com.sun.tools.javac.api=ALL-UNNAMED --add-exports=jdk.compiler/com.sun.tools.javac.util=ALL-UNNAMED --add-opens=java.base/java.nio.charset=ALL-UNNAMED --add-opens=java.base/java.net=ALL-UNNAMED --add-opens=java.base/java.util.concurrent.atomic=ALL-UNNAMED -Xmx2048m -Dfile.encoding=UTF-8 -Duser.country=ID -Duser.language=en -Duser.variant -javaagent:C:\Users\Dell\.gradle\wrapper\dists\gradle-8.10-all\3ym48ijgw9iixtry4iwty4ydy\gradle-8.10\lib\agents\gradle-instrumentation-agent-8.10.jar org.gradle.launcher.daemon.bootstrap.GradleDaemon 8.10

Host: 11th Gen Intel(R) Core(TM) i3-1125G4 @ 2.00GHz, 8 cores, 7G,  Windows 11 , 64 bit Build 26100 (10.0.26100.8328)
Time: Mon Jun  1 21:15:08 2026 SE Asia Standard Time elapsed time: 8.876118 seconds (0d 0h 0m 8s)

---------------  T H R E A D  ---------------

Current thread (0x00000250e332d460):  JavaThread "C2 CompilerThread1" daemon [_thread_in_native, id=23984, stack(0x000000b5a8500000,0x000000b5a8600000)]


Current CompileTask:
C2:   8876 3655       4       java.lang.String::split (327 bytes)

Stack: [0x000000b5a8500000,0x000000b5a8600000]
Native frames: (J=compiled Java code, j=interpreted, Vv=VM code, C=native code)
V  [jvm.dll+0x687bb9]
V  [jvm.dll+0x84142a]
V  [jvm.dll+0x8430ae]
V  [jvm.dll+0x843713]
V  [jvm.dll+0x24a35f]
V  [jvm.dll+0xac544]
V  [jvm.dll+0xacb8c]
V  [jvm.dll+0x2b194f]
V  [jvm.dll+0x58eba7]
V  [jvm.dll+0x2247e2]
V  [jvm.dll+0x224bdf]
V  [jvm.dll+0x21dd00]
V  [jvm.dll+0x21b201]
V  [jvm.dll+0x1a63ed]
V  [jvm.dll+0x22b1ee]
V  [jvm.dll+0x229375]
V  [jvm.dll+0x7f5647]
V  [jvm.dll+0x7efa4a]
V  [jvm.dll+0x686a35]
C  [ucrtbase.dll+0x37b0]
C  [KERNEL32.DLL+0x2e957]
C  [ntdll.dll+0x427c]


---------------  P R O C E S S  ---------------

Threads class SMR info:
_java_thread_list=0x00000250e332b980, length=34, elements={
0x00000250bf1fc060, 0x00000250dae6d010, 0x00000250dae6d9e0, 0x00000250df03f2c0,
0x00000250df03fb90, 0x00000250df04ecb0, 0x00000250df04f580, 0x00000250df050790,
0x00000250df0510a0, 0x00000250df057200, 0x00000250df1e10b0, 0x00000250df2e9640,
0x00000250e0deddb0, 0x00000250e0e570a0, 0x00000250e02669a0, 0x00000250e0f20930,
0x00000250e0f6c760, 0x00000250e1020900, 0x00000250e0ff4890, 0x00000250e0d840a0,
0x00000250e0d845b0, 0x00000250e0d86920, 0x00000250e0d84fd0, 0x00000250e0d854e0,
0x00000250e0d86e30, 0x00000250e0d87340, 0x00000250e0d859f0, 0x00000250e0d85f00,
0x00000250e0d86410, 0x00000250e0d87850, 0x00000250e0d84ac0, 0x00000250e35e4290,
0x00000250e35e47a0, 0x00000250e332d460
}

Java Threads: ( => current thread )
  0x00000250bf1fc060 JavaThread "main" [_thread_blocked, id=24852, stack(0x000000b5a6b00000,0x000000b5a6c00000)]
  0x00000250dae6d010 JavaThread "Reference Handler" daemon [_thread_blocked, id=25308, stack(0x000000b5a7200000,0x000000b5a7300000)]
  0x00000250dae6d9e0 JavaThread "Finalizer" daemon [_thread_blocked, id=24560, stack(0x000000b5a7300000,0x000000b5a7400000)]
  0x00000250df03f2c0 JavaThread "Signal Dispatcher" daemon [_thread_blocked, id=1088, stack(0x000000b5a7400000,0x000000b5a7500000)]
  0x00000250df03fb90 JavaThread "Attach Listener" daemon [_thread_blocked, id=19084, stack(0x000000b5a7500000,0x000000b5a7600000)]
  0x00000250df04ecb0 JavaThread "Service Thread" daemon [_thread_blocked, id=23392, stack(0x000000b5a7600000,0x000000b5a7700000)]
  0x00000250df04f580 JavaThread "Monitor Deflation Thread" daemon [_thread_blocked, id=19688, stack(0x000000b5a7700000,0x000000b5a7800000)]
  0x00000250df050790 JavaThread "C2 CompilerThread0" daemon [_thread_in_native, id=27352, stack(0x000000b5a7800000,0x000000b5a7900000)]
  0x00000250df0510a0 JavaThread "C1 CompilerThread0" daemon [_thread_blocked, id=24076, stack(0x000000b5a7900000,0x000000b5a7a00000)]
  0x00000250df057200 JavaThread "Sweeper thread" daemon [_thread_blocked, id=16296, stack(0x000000b5a7a00000,0x000000b5a7b00000)]
  0x00000250df1e10b0 JavaThread "Common-Cleaner" daemon [_thread_blocked, id=10440, stack(0x000000b5a7b00000,0x000000b5a7c00000)]
  0x00000250df2e9640 JavaThread "Notification Thread" daemon [_thread_blocked, id=26772, stack(0x000000b5a7c00000,0x000000b5a7d00000)]
  0x00000250e0deddb0 JavaThread "Daemon health stats" [_thread_blocked, id=16548, stack(0x000000b5a7e00000,0x000000b5a7f00000)]
  0x00000250e0e570a0 JavaThread "Incoming local TCP Connector on port 50349" [_thread_in_native, id=11468, stack(0x000000b5a8300000,0x000000b5a8400000)]
  0x00000250e02669a0 JavaThread "Daemon periodic checks" [_thread_blocked, id=20796, stack(0x000000b5a8400000,0x000000b5a8500000)]
  0x00000250e0f20930 JavaThread "Daemon" [_thread_blocked, id=20900, stack(0x000000b5a8600000,0x000000b5a8700000)]
  0x00000250e0f6c760 JavaThread "Handler for socket connection from /127.0.0.1:50349 to /127.0.0.1:50350" [_thread_in_native, id=22652, stack(0x000000b5a8700000,0x000000b5a8800000)]
  0x00000250e1020900 JavaThread "Cancel handler" [_thread_blocked, id=25428, stack(0x000000b5a8800000,0x000000b5a8900000)]
  0x00000250e0ff4890 JavaThread "Daemon worker" [_thread_in_Java, id=17076, stack(0x000000b5a8900000,0x000000b5a8a00000)]
  0x00000250e0d840a0 JavaThread "Asynchronous log dispatcher for DefaultDaemonConnection: socket connection from /127.0.0.1:50349 to /127.0.0.1:50350" [_thread_blocked, id=2852, stack(0x000000b5a8a00000,0x000000b5a8b00000)]
  0x00000250e0d845b0 JavaThread "Stdin handler" [_thread_blocked, id=2636, stack(0x000000b5a8b00000,0x000000b5a8c00000)]
  0x00000250e0d86920 JavaThread "Daemon client event forwarder" [_thread_blocked, id=26344, stack(0x000000b5a8c00000,0x000000b5a8d00000)]
  0x00000250e0d84fd0 JavaThread "Cache worker for journal cache (C:\Users\Dell\.gradle\caches\journal-1)" [_thread_blocked, id=23668, stack(0x000000b5a9100000,0x000000b5a9200000)]
  0x00000250e0d854e0 JavaThread "File lock request listener" [_thread_in_native, id=13620, stack(0x000000b5a9200000,0x000000b5a9300000)]
  0x00000250e0d86e30 JavaThread "Cache worker for file hash cache (C:\Users\Dell\.gradle\caches\8.10\fileHashes)" [_thread_blocked, id=19532, stack(0x000000b5a9300000,0x000000b5a9400000)]
  0x00000250e0d87340 JavaThread "Cache worker for file hash cache (C:\Users\Dell\AndroidStudioProjects\smale2\.gradle\8.10\fileHashes)" [_thread_blocked, id=19184, stack(0x000000b5a9400000,0x000000b5a9500000)]
  0x00000250e0d859f0 JavaThread "Cache worker for Build Output Cleanup Cache (C:\Users\Dell\AndroidStudioProjects\smale2\.gradle\buildOutputCleanup)" [_thread_blocked, id=13828, stack(0x000000b5a9500000,0x000000b5a9600000)]
  0x00000250e0d85f00 JavaThread "File watcher server" daemon [_thread_in_native, id=25360, stack(0x000000b5a9600000,0x000000b5a9700000)]
  0x00000250e0d86410 JavaThread "File watcher consumer" daemon [_thread_blocked, id=3968, stack(0x000000b5a9700000,0x000000b5a9800000)]
  0x00000250e0d87850 JavaThread "Cache worker for checksums cache (C:\Users\Dell\AndroidStudioProjects\smale2\.gradle\8.10\checksums)" [_thread_blocked, id=2660, stack(0x000000b5a9800000,0x000000b5a9900000)]
  0x00000250e0d84ac0 JavaThread "Cache worker for file content cache (C:\Users\Dell\.gradle\caches\8.10\fileContent)" [_thread_blocked, id=5532, stack(0x000000b5a9900000,0x000000b5a9a00000)]
  0x00000250e35e4290 JavaThread "Cache worker for cache directory md-rule (C:\Users\Dell\.gradle\caches\8.10\md-rule)" [_thread_blocked, id=28360, stack(0x000000b5a9b00000,0x000000b5a9c00000)]
  0x00000250e35e47a0 JavaThread "Cache worker for cache directory md-supplier (C:\Users\Dell\.gradle\caches\8.10\md-supplier)" [_thread_blocked, id=22012, stack(0x000000b5a9c00000,0x000000b5a9d00000)]
=>0x00000250e332d460 JavaThread "C2 CompilerThread1" daemon [_thread_in_native, id=23984, stack(0x000000b5a8500000,0x000000b5a8600000)]

Other Threads:
  0x00000250df020040 VMThread "VM Thread" [stack: 0x000000b5a7100000,0x000000b5a7200000] [id=16452]
  0x00000250bf1fcdf0 WatcherThread [stack: 0x000000b5a7d00000,0x000000b5a7e00000] [id=25972]
  0x00000250bf25b0f0 GCTaskThread "GC Thread#0" [stack: 0x000000b5a6c00000,0x000000b5a6d00000] [id=14648]
  0x00000250dfc6f640 GCTaskThread "GC Thread#1" [stack: 0x000000b5a7f00000,0x000000b5a8000000] [id=17452]
  0x00000250dfd9c1b0 GCTaskThread "GC Thread#2" [stack: 0x000000b5a8000000,0x000000b5a8100000] [id=10084]
  0x00000250df977ef0 GCTaskThread "GC Thread#3" [stack: 0x000000b5a8100000,0x000000b5a8200000] [id=23964]
  0x00000250df9781b0 GCTaskThread "GC Thread#4" [stack: 0x000000b5a8200000,0x000000b5a8300000] [id=1800]
  0x00000250e0f8d060 GCTaskThread "GC Thread#5" [stack: 0x000000b5a8d00000,0x000000b5a8e00000] [id=28560]
  0x00000250e0f039d0 GCTaskThread "GC Thread#6" [stack: 0x000000b5a8e00000,0x000000b5a8f00000] [id=19028]
  0x00000250dfd0ec10 GCTaskThread "GC Thread#7" [stack: 0x000000b5a8f00000,0x000000b5a9000000] [id=17072]
  0x00000250bf26cc20 ConcurrentGCThread "G1 Main Marker" [stack: 0x000000b5a6d00000,0x000000b5a6e00000] [id=15228]
  0x00000250bf26dcf0 ConcurrentGCThread "G1 Conc#0" [stack: 0x000000b5a6e00000,0x000000b5a6f00000] [id=5404]
  0x00000250e1261d00 ConcurrentGCThread "G1 Conc#1" [stack: 0x000000b5a9000000,0x000000b5a9100000] [id=15008]
  0x00000250bf2ae5f0 ConcurrentGCThread "G1 Refine#0" [stack: 0x000000b5a6f00000,0x000000b5a7000000] [id=1512]
  0x00000250e3920460 ConcurrentGCThread "G1 Refine#1" [stack: 0x000000b5a9a00000,0x000000b5a9b00000] [id=27172]
  0x00000250dacb8500 ConcurrentGCThread "G1 Service" [stack: 0x000000b5a7000000,0x000000b5a7100000] [id=19528]

Threads with active compile tasks:
C2 CompilerThread0     8919 3701   !   4       java.lang.String::<init> (843 bytes)
C2 CompilerThread1     8919 3655       4       java.lang.String::split (327 bytes)

VM state: not at safepoint (normal execution)

VM Mutex/Monitor currently owned by a thread: None

Heap address: 0x0000000080000000, size: 2048 MB, Compressed Oops mode: 32-bit

CDS archive(s) not mapped
Compressed class space mapped at: 0x0000000100000000-0x0000000140000000, reserved size: 1073741824
Narrow klass base: 0x0000000000000000, Narrow klass shift: 3, Narrow klass range: 0x140000000

GC Precious Log:
 CPUs: 8 total, 8 available
 Memory: 7930M
 Large Page Support: Disabled
 NUMA Support: Disabled
 Compressed Oops: Enabled (32-bit)
 Heap Region Size: 1M
 Heap Min Capacity: 8M
 Heap Initial Capacity: 124M
 Heap Max Capacity: 2G
 Pre-touch: Disabled
 Parallel Workers: 8
 Concurrent Workers: 2
 Concurrent Refinement Workers: 8
 Periodic GC: Disabled

Heap:
 garbage-first heap   total 78848K, used 40662K [0x0000000080000000, 0x0000000100000000)
  region size 1024K, 16 young (16384K), 5 survivors (5120K)
 Metaspace       used 42475K, committed 42880K, reserved 1114112K
  class space    used 5651K, committed 5824K, reserved 1048576K

Heap Regions: E=young(eden), S=young(survivor), O=old, HS=humongous(starts), HC=humongous(continues), CS=collection set, F=free, OA=open archive, CA=closed archive, TAMS=top-at-mark-start (previous, next)
|   0|0x0000000080000000, 0x0000000080100000, 0x0000000080100000|100%| O|  |TAMS 0x0000000080100000, 0x0000000080000000| Untracked 
|   1|0x0000000080100000, 0x0000000080200000, 0x0000000080200000|100%| O|  |TAMS 0x0000000080200000, 0x0000000080100000| Untracked 
|   2|0x0000000080200000, 0x0000000080300000, 0x0000000080300000|100%| O|  |TAMS 0x0000000080300000, 0x0000000080200000| Untracked 
|   3|0x0000000080300000, 0x0000000080400000, 0x0000000080400000|100%|HS|  |TAMS 0x0000000080400000, 0x0000000080300000| Complete 
|   4|0x0000000080400000, 0x0000000080500000, 0x0000000080500000|100%|HC|  |TAMS 0x0000000080500000, 0x0000000080400000| Complete 
|   5|0x0000000080500000, 0x0000000080600000, 0x0000000080600000|100%|HC|  |TAMS 0x0000000080600000, 0x0000000080500000| Complete 
|   6|0x0000000080600000, 0x0000000080700000, 0x0000000080700000|100%|HC|  |TAMS 0x0000000080700000, 0x0000000080600000| Complete 
|   7|0x0000000080700000, 0x0000000080800000, 0x0000000080800000|100%| O|  |TAMS 0x0000000080800000, 0x0000000080700000| Untracked 
|   8|0x0000000080800000, 0x0000000080900000, 0x0000000080900000|100%| O|  |TAMS 0x0000000080900000, 0x0000000080800000| Untracked 
|   9|0x0000000080900000, 0x0000000080a00000, 0x0000000080a00000|100%|HS|  |TAMS 0x0000000080a00000, 0x0000000080900000| Complete 
|  10|0x0000000080a00000, 0x0000000080b00000, 0x0000000080b00000|100%| O|  |TAMS 0x0000000080b00000, 0x0000000080a00000| Untracked 
|  11|0x0000000080b00000, 0x0000000080c00000, 0x0000000080c00000|100%| O|  |TAMS 0x0000000080c00000, 0x0000000080b00000| Untracked 
|  12|0x0000000080c00000, 0x0000000080d00000, 0x0000000080d00000|100%| O|  |TAMS 0x0000000080d00000, 0x0000000080c00000| Untracked 
|  13|0x0000000080d00000, 0x0000000080d28e00, 0x0000000080e00000| 15%| O|  |TAMS 0x0000000080d28e00, 0x0000000080d00000| Untracked 
|  14|0x0000000080e00000, 0x0000000080f00000, 0x0000000080f00000|100%| O|  |TAMS 0x0000000080f00000, 0x0000000080e00000| Untracked 
|  15|0x0000000080f00000, 0x0000000081000000, 0x0000000081000000|100%| O|  |TAMS 0x0000000081000000, 0x0000000080f00000| Untracked 
|  16|0x0000000081000000, 0x0000000081100000, 0x0000000081100000|100%| O|  |TAMS 0x0000000081100000, 0x0000000081000000| Untracked 
|  17|0x0000000081100000, 0x0000000081200000, 0x0000000081200000|100%| O|  |TAMS 0x0000000081200000, 0x0000000081100000| Untracked 
|  18|0x0000000081200000, 0x0000000081300000, 0x0000000081300000|100%| O|  |TAMS 0x0000000081300000, 0x0000000081200000| Untracked 
|  19|0x0000000081300000, 0x0000000081400000, 0x0000000081400000|100%| O|  |TAMS 0x0000000081400000, 0x0000000081300000| Untracked 
|  20|0x0000000081400000, 0x0000000081500000, 0x0000000081500000|100%| O|  |TAMS 0x0000000081500000, 0x0000000081400000| Untracked 
|  21|0x0000000081500000, 0x0000000081600000, 0x0000000081600000|100%| O|  |TAMS 0x0000000081600000, 0x0000000081500000| Untracked 
|  22|0x0000000081600000, 0x0000000081700000, 0x0000000081700000|100%| O|  |TAMS 0x0000000081700000, 0x0000000081600000| Untracked 
|  23|0x0000000081700000, 0x0000000081800000, 0x0000000081800000|100%| O|  |TAMS 0x000000008172f000, 0x0000000081700000| Untracked 
|  24|0x0000000081800000, 0x0000000081900000, 0x0000000081900000|100%| O|  |TAMS 0x0000000081800000, 0x0000000081800000| Untracked 
|  25|0x0000000081900000, 0x000000008198cc00, 0x0000000081a00000| 54%| O|  |TAMS 0x0000000081900000, 0x0000000081900000| Untracked 
|  26|0x0000000081a00000, 0x0000000081a00000, 0x0000000081b00000|  0%| F|  |TAMS 0x0000000081a00000, 0x0000000081a00000| Untracked 
|  27|0x0000000081b00000, 0x0000000081b00000, 0x0000000081c00000|  0%| F|  |TAMS 0x0000000081b00000, 0x0000000081b00000| Untracked 
|  28|0x0000000081c00000, 0x0000000081c00000, 0x0000000081d00000|  0%| F|  |TAMS 0x0000000081c00000, 0x0000000081c00000| Untracked 
|  29|0x0000000081d00000, 0x0000000081d00000, 0x0000000081e00000|  0%| F|  |TAMS 0x0000000081d00000, 0x0000000081d00000| Untracked 
|  30|0x0000000081e00000, 0x0000000081e00000, 0x0000000081f00000|  0%| F|  |TAMS 0x0000000081e00000, 0x0000000081e00000| Untracked 
|  31|0x0000000081f00000, 0x0000000081f00000, 0x0000000082000000|  0%| F|  |TAMS 0x0000000081f00000, 0x0000000081f00000| Untracked 
|  32|0x0000000082000000, 0x0000000082000000, 0x0000000082100000|  0%| F|  |TAMS 0x0000000082000000, 0x0000000082000000| Untracked 
|  33|0x0000000082100000, 0x0000000082100000, 0x0000000082200000|  0%| F|  |TAMS 0x0000000082100000, 0x0000000082100000| Untracked 
|  34|0x0000000082200000, 0x0000000082200000, 0x0000000082300000|  0%| F|  |TAMS 0x0000000082200000, 0x0000000082200000| Untracked 
|  35|0x0000000082300000, 0x0000000082300000, 0x0000000082400000|  0%| F|  |TAMS 0x0000000082300000, 0x0000000082300000| Untracked 
|  36|0x0000000082400000, 0x0000000082400000, 0x0000000082500000|  0%| F|  |TAMS 0x0000000082400000, 0x0000000082400000| Untracked 
|  37|0x0000000082500000, 0x0000000082500000, 0x0000000082600000|  0%| F|  |TAMS 0x0000000082500000, 0x0000000082500000| Untracked 
|  38|0x0000000082600000, 0x0000000082700000, 0x0000000082700000|100%| S|CS|TAMS 0x0000000082600000, 0x0000000082600000| Complete 
|  39|0x0000000082700000, 0x0000000082800000, 0x0000000082800000|100%| S|CS|TAMS 0x0000000082700000, 0x0000000082700000| Complete 
|  40|0x0000000082800000, 0x0000000082900000, 0x0000000082900000|100%| S|CS|TAMS 0x0000000082800000, 0x0000000082800000| Complete 
|  41|0x0000000082900000, 0x0000000082a00000, 0x0000000082a00000|100%| S|CS|TAMS 0x0000000082900000, 0x0000000082900000| Complete 
|  42|0x0000000082a00000, 0x0000000082b00000, 0x0000000082b00000|100%| S|CS|TAMS 0x0000000082a00000, 0x0000000082a00000| Complete 
|  43|0x0000000082b00000, 0x0000000082b00000, 0x0000000082c00000|  0%| F|  |TAMS 0x0000000082b00000, 0x0000000082b00000| Untracked 
|  44|0x0000000082c00000, 0x0000000082c00000, 0x0000000082d00000|  0%| F|  |TAMS 0x0000000082c00000, 0x0000000082c00000| Untracked 
|  45|0x0000000082d00000, 0x0000000082d00000, 0x0000000082e00000|  0%| F|  |TAMS 0x0000000082d00000, 0x0000000082d00000| Untracked 
|  46|0x0000000082e00000, 0x0000000082e00000, 0x0000000082f00000|  0%| F|  |TAMS 0x0000000082e00000, 0x0000000082e00000| Untracked 
|  47|0x0000000082f00000, 0x0000000082f00000, 0x0000000083000000|  0%| F|  |TAMS 0x0000000082f00000, 0x0000000082f00000| Untracked 
|  48|0x0000000083000000, 0x0000000083000000, 0x0000000083100000|  0%| F|  |TAMS 0x0000000083000000, 0x0000000083000000| Untracked 
|  49|0x0000000083100000, 0x0000000083100000, 0x0000000083200000|  0%| F|  |TAMS 0x0000000083100000, 0x0000000083100000| Untracked 
|  50|0x0000000083200000, 0x0000000083200000, 0x0000000083300000|  0%| F|  |TAMS 0x0000000083200000, 0x0000000083200000| Untracked 
|  51|0x0000000083300000, 0x0000000083300000, 0x0000000083400000|  0%| F|  |TAMS 0x0000000083300000, 0x0000000083300000| Untracked 
|  52|0x0000000083400000, 0x0000000083400000, 0x0000000083500000|  0%| F|  |TAMS 0x0000000083400000, 0x0000000083400000| Untracked 
|  53|0x0000000083500000, 0x0000000083500000, 0x0000000083600000|  0%| F|  |TAMS 0x0000000083500000, 0x0000000083500000| Untracked 
|  54|0x0000000083600000, 0x0000000083600000, 0x0000000083700000|  0%| F|  |TAMS 0x0000000083600000, 0x0000000083600000| Untracked 
|  55|0x0000000083700000, 0x0000000083700000, 0x0000000083800000|  0%| F|  |TAMS 0x0000000083700000, 0x0000000083700000| Untracked 
|  56|0x0000000083800000, 0x0000000083800000, 0x0000000083900000|  0%| F|  |TAMS 0x0000000083800000, 0x0000000083800000| Untracked 
|  57|0x0000000083900000, 0x0000000083900000, 0x0000000083a00000|  0%| F|  |TAMS 0x0000000083900000, 0x0000000083900000| Untracked 
|  58|0x0000000083a00000, 0x0000000083a00000, 0x0000000083b00000|  0%| F|  |TAMS 0x0000000083a00000, 0x0000000083a00000| Untracked 
|  59|0x0000000083b00000, 0x0000000083b00000, 0x0000000083c00000|  0%| F|  |TAMS 0x0000000083b00000, 0x0000000083b00000| Untracked 
|  60|0x0000000083c00000, 0x0000000083c00000, 0x0000000083d00000|  0%| F|  |TAMS 0x0000000083c00000, 0x0000000083c00000| Untracked 
|  61|0x0000000083d00000, 0x0000000083d00000, 0x0000000083e00000|  0%| F|  |TAMS 0x0000000083d00000, 0x0000000083d00000| Untracked 
|  62|0x0000000083e00000, 0x0000000083e00000, 0x0000000083f00000|  0%| F|  |TAMS 0x0000000083e00000, 0x0000000083e00000| Untracked 
|  63|0x0000000083f00000, 0x0000000083f00000, 0x0000000084000000|  0%| F|  |TAMS 0x0000000083f00000, 0x0000000083f00000| Untracked 
|  64|0x0000000084000000, 0x0000000084000000, 0x0000000084100000|  0%| F|  |TAMS 0x0000000084000000, 0x0000000084000000| Untracked 
|  65|0x0000000084100000, 0x0000000084100000, 0x0000000084200000|  0%| F|  |TAMS 0x0000000084100000, 0x0000000084100000| Untracked 
|  66|0x0000000084200000, 0x0000000084300000, 0x0000000084300000|100%| E|  |TAMS 0x0000000084200000, 0x0000000084200000| Complete 
|  67|0x0000000084300000, 0x0000000084400000, 0x0000000084400000|100%| E|CS|TAMS 0x0000000084300000, 0x0000000084300000| Complete 
|  85|0x0000000085500000, 0x0000000085600000, 0x0000000085600000|100%| E|CS|TAMS 0x0000000085500000, 0x0000000085500000| Complete 
|  86|0x0000000085600000, 0x0000000085700000, 0x0000000085700000|100%| E|CS|TAMS 0x0000000085600000, 0x0000000085600000| Complete 
|  87|0x0000000085700000, 0x0000000085800000, 0x0000000085800000|100%| E|CS|TAMS 0x0000000085700000, 0x0000000085700000| Complete 
|  88|0x0000000085800000, 0x0000000085900000, 0x0000000085900000|100%| E|CS|TAMS 0x0000000085800000, 0x0000000085800000| Complete 
|  89|0x0000000085900000, 0x0000000085a00000, 0x0000000085a00000|100%| E|CS|TAMS 0x0000000085900000, 0x0000000085900000| Complete 
|  90|0x0000000085a00000, 0x0000000085b00000, 0x0000000085b00000|100%| E|CS|TAMS 0x0000000085a00000, 0x0000000085a00000| Complete 
|  91|0x0000000085b00000, 0x0000000085c00000, 0x0000000085c00000|100%| E|CS|TAMS 0x0000000085b00000, 0x0000000085b00000| Complete 
|  92|0x0000000085c00000, 0x0000000085d00000, 0x0000000085d00000|100%| E|CS|TAMS 0x0000000085c00000, 0x0000000085c00000| Complete 
| 123|0x0000000087b00000, 0x0000000087c00000, 0x0000000087c00000|100%| E|CS|TAMS 0x0000000087b00000, 0x0000000087b00000| Complete 

Card table byte_map: [0x00000250d3b60000,0x00000250d3f60000] _byte_map_base: 0x00000250d3760000

Marking Bits (Prev, Next): (CMBitMap*) 0x00000250bf25b620, (CMBitMap*) 0x00000250bf25b660
 Prev Bits: [0x00000250d4360000, 0x00000250d6360000)
 Next Bits: [0x00000250d6360000, 0x00000250d8360000)

Polling page: 0x00000250bf2b0000

Metaspace:

Usage:
  Non-class:     35.96 MB used.
      Class:      5.52 MB used.
       Both:     41.48 MB used.

Virtual space:
  Non-class space:       64.00 MB reserved,      36.19 MB ( 57%) committed,  1 nodes.
      Class space:        1.00 GB reserved,       5.69 MB ( <1%) committed,  1 nodes.
             Both:        1.06 GB reserved,      41.88 MB (  4%) committed. 

Chunk freelists:
   Non-Class:  11.67 MB
       Class:  10.36 MB
        Both:  22.03 MB

MaxMetaspaceSize: unlimited
CompressedClassSpaceSize: 1.00 GB
Initial GC threshold: 21.00 MB
Current GC threshold: 58.75 MB
CDS: off
MetaspaceReclaimPolicy: balanced
 - commit_granule_bytes: 65536.
 - commit_granule_words: 8192.
 - virtual_space_node_default_size: 8388608.
 - enlarge_chunks_in_place: 1.
 - new_chunks_are_fully_committed: 0.
 - uncommit_free_chunks: 1.
 - use_allocation_guard: 0.
 - handle_deallocations: 1.


Internal statistics:

num_allocs_failed_limit: 6.
num_arena_births: 358.
num_arena_deaths: 0.
num_vsnodes_births: 2.
num_vsnodes_deaths: 0.
num_space_committed: 670.
num_space_uncommitted: 0.
num_chunks_returned_to_freelist: 6.
num_chunks_taken_from_freelist: 1589.
num_chunk_merges: 6.
num_chunk_splits: 1040.
num_chunks_enlarged: 729.
num_inconsistent_stats: 0.

CodeHeap 'non-profiled nmethods': size=120000Kb used=2213Kb max_used=2213Kb free=117787Kb
 bounds [0x00000250cb7d0000, 0x00000250cba40000, 0x00000250d2d00000]
CodeHeap 'profiled nmethods': size=120000Kb used=7705Kb max_used=7705Kb free=112294Kb
 bounds [0x00000250c3d00000, 0x00000250c4490000, 0x00000250cb230000]
CodeHeap 'non-nmethods': size=5760Kb used=1606Kb max_used=1623Kb free=4153Kb
 bounds [0x00000250cb230000, 0x00000250cb4a0000, 0x00000250cb7d0000]
 total_blobs=4441 nmethods=3782 adapters=571
 compilation: enabled
              stopped_count=0, restarted_count=0
 full_count=0

Compilation events (20 events):
Event: 8.849 Thread 0x00000250df0510a0 nmethod 3703 0x00000250cb9f2310 code [0x00000250cb9f24a0, 0x00000250cb9f2578]
Event: 8.851 Thread 0x00000250df0510a0 3707       3       java.util.stream.Sink$ChainedReference::cancellationRequested (10 bytes)
Event: 8.851 Thread 0x00000250df0510a0 nmethod 3707 0x00000250c4457290 code [0x00000250c4457440, 0x00000250c4457608]
Event: 8.853 Thread 0x00000250df0510a0 3708       3       java.nio.file.FileTreeWalker$Event::<init> (26 bytes)
Event: 8.854 Thread 0x00000250df0510a0 nmethod 3708 0x00000250c4457710 code [0x00000250c44578c0, 0x00000250c4457b98]
Event: 8.854 Thread 0x00000250df0510a0 3709   !   3       java.nio.file.FileTreeWalker::next (144 bytes)
Event: 8.855 Thread 0x00000250df0510a0 nmethod 3709 0x00000250c4457c90 code [0x00000250c4457f60, 0x00000250c4458e08]
Event: 8.856 Thread 0x00000250df0510a0 3710       3       java.util.ArrayDeque::sub (14 bytes)
Event: 8.856 Thread 0x00000250df0510a0 nmethod 3710 0x00000250c4459390 code [0x00000250c4459520, 0x00000250c4459658]
Event: 8.856 Thread 0x00000250df0510a0 3711       3       java.util.ArrayDeque::size (17 bytes)
Event: 8.856 Thread 0x00000250df0510a0 nmethod 3711 0x00000250c4459710 code [0x00000250c44598a0, 0x00000250c4459a58]
Event: 8.856 Thread 0x00000250df0510a0 3712   !   3       java.nio.file.FileTreeWalker::getAttributes (94 bytes)
Event: 8.857 Thread 0x00000250df0510a0 nmethod 3712 0x00000250c4459b10 code [0x00000250c4459dc0, 0x00000250c445afa8]
Event: 8.857 Thread 0x00000250df0510a0 3713       3       java.nio.file.FileTreeWalker$Event::<init> (9 bytes)
Event: 8.857 Thread 0x00000250df0510a0 nmethod 3713 0x00000250c445b510 code [0x00000250c445b6c0, 0x00000250c445b9d8]
Event: 8.859 Thread 0x00000250df0510a0 3714       3       jdk.internal.jrtfs.JrtPath::isAbsolute (29 bytes)
Event: 8.859 Thread 0x00000250df0510a0 nmethod 3714 0x00000250c445bb10 code [0x00000250c445bd20, 0x00000250c445c3b8]
Event: 8.859 Thread 0x00000250df0510a0 3715       3       java.util.stream.AbstractSpinedBuffer::count (31 bytes)
Event: 8.859 Thread 0x00000250df0510a0 nmethod 3715 0x00000250c445c610 code [0x00000250c445c7c0, 0x00000250c445c978]
Event: 8.860 Thread 0x00000250df0510a0 3716       3       org.codehaus.groovy.vmplugin.v9.ClassFinder$1$$Lambda$488/0x000000010059a0c8::apply (8 bytes)

GC Heap History (18 events):
Event: 1.162 GC heap before
{Heap before GC invocations=0 (full 0):
 garbage-first heap   total 126976K, used 22528K [0x0000000080000000, 0x0000000100000000)
  region size 1024K, 23 young (23552K), 0 survivors (0K)
 Metaspace       used 7760K, committed 7936K, reserved 1114112K
  class space    used 672K, committed 768K, reserved 1048576K
}
Event: 1.168 GC heap after
{Heap after GC invocations=1 (full 0):
 garbage-first heap   total 126976K, used 5248K [0x0000000080000000, 0x0000000100000000)
  region size 1024K, 3 young (3072K), 3 survivors (3072K)
 Metaspace       used 7760K, committed 7936K, reserved 1114112K
  class space    used 672K, committed 768K, reserved 1048576K
}
Event: 2.235 GC heap before
{Heap before GC invocations=1 (full 0):
 garbage-first heap   total 126976K, used 40064K [0x0000000080000000, 0x0000000100000000)
  region size 1024K, 34 young (34816K), 3 survivors (3072K)
 Metaspace       used 11834K, committed 12032K, reserved 1114112K
  class space    used 1253K, committed 1344K, reserved 1048576K
}
Event: 2.242 GC heap after
{Heap after GC invocations=2 (full 0):
 garbage-first heap   total 126976K, used 11861K [0x0000000080000000, 0x0000000100000000)
  region size 1024K, 3 young (3072K), 3 survivors (3072K)
 Metaspace       used 11834K, committed 12032K, reserved 1114112K
  class space    used 1253K, committed 1344K, reserved 1048576K
}
Event: 3.098 GC heap before
{Heap before GC invocations=2 (full 0):
 garbage-first heap   total 126976K, used 57941K [0x0000000080000000, 0x0000000100000000)
  region size 1024K, 46 young (47104K), 3 survivors (3072K)
 Metaspace       used 12497K, committed 12672K, reserved 1114112K
  class space    used 1368K, committed 1472K, reserved 1048576K
}
Event: 3.105 GC heap after
{Heap after GC invocations=3 (full 0):
 garbage-first heap   total 126976K, used 17408K [0x0000000080000000, 0x0000000100000000)
  region size 1024K, 6 young (6144K), 6 survivors (6144K)
 Metaspace       used 12497K, committed 12672K, reserved 1114112K
  class space    used 1368K, committed 1472K, reserved 1048576K
}
Event: 4.123 GC heap before
{Heap before GC invocations=3 (full 0):
 garbage-first heap   total 126976K, used 48128K [0x0000000080000000, 0x0000000100000000)
  region size 1024K, 37 young (37888K), 6 survivors (6144K)
 Metaspace       used 21338K, committed 21504K, reserved 1114112K
  class space    used 2504K, committed 2624K, reserved 1048576K
}
Event: 4.131 GC heap after
{Heap after GC invocations=4 (full 0):
 garbage-first heap   total 126976K, used 20886K [0x0000000080000000, 0x0000000100000000)
  region size 1024K, 8 young (8192K), 8 survivors (8192K)
 Metaspace       used 21338K, committed 21504K, reserved 1114112K
  class space    used 2504K, committed 2624K, reserved 1048576K
}
Event: 5.778 GC heap before
{Heap before GC invocations=5 (full 0):
 garbage-first heap   total 78848K, used 58774K [0x0000000080000000, 0x0000000100000000)
  region size 1024K, 46 young (47104K), 8 survivors (8192K)
 Metaspace       used 27060K, committed 27328K, reserved 1114112K
  class space    used 3463K, committed 3584K, reserved 1048576K
}
Event: 5.784 GC heap after
{Heap after GC invocations=6 (full 0):
 garbage-first heap   total 78848K, used 23379K [0x0000000080000000, 0x0000000100000000)
  region size 1024K, 3 young (3072K), 3 survivors (3072K)
 Metaspace       used 27060K, committed 27328K, reserved 1114112K
  class space    used 3463K, committed 3584K, reserved 1048576K
}
Event: 6.867 GC heap before
{Heap before GC invocations=6 (full 0):
 garbage-first heap   total 78848K, used 55123K [0x0000000080000000, 0x0000000100000000)
  region size 1024K, 34 young (34816K), 3 survivors (3072K)
 Metaspace       used 30861K, committed 31232K, reserved 1114112K
  class space    used 4092K, committed 4288K, reserved 1048576K
}
Event: 6.871 GC heap after
{Heap after GC invocations=7 (full 0):
 garbage-first heap   total 78848K, used 24973K [0x0000000080000000, 0x0000000100000000)
  region size 1024K, 4 young (4096K), 4 survivors (4096K)
 Metaspace       used 30861K, committed 31232K, reserved 1114112K
  class space    used 4092K, committed 4288K, reserved 1048576K
}
Event: 7.793 GC heap before
{Heap before GC invocations=7 (full 0):
 garbage-first heap   total 78848K, used 56717K [0x0000000080000000, 0x0000000100000000)
  region size 1024K, 36 young (36864K), 4 survivors (4096K)
 Metaspace       used 34979K, committed 35328K, reserved 1114112K
  class space    used 4764K, committed 4928K, reserved 1048576K
}
Event: 7.796 GC heap after
{Heap after GC invocations=8 (full 0):
 garbage-first heap   total 78848K, used 26382K [0x0000000080000000, 0x0000000100000000)
  region size 1024K, 4 young (4096K), 4 survivors (4096K)
 Metaspace       used 34979K, committed 35328K, reserved 1114112K
  class space    used 4764K, committed 4928K, reserved 1048576K
}
Event: 7.946 GC heap before
{Heap before GC invocations=8 (full 0):
 garbage-first heap   total 78848K, used 31502K [0x0000000080000000, 0x0000000100000000)
  region size 1024K, 10 young (10240K), 4 survivors (4096K)
 Metaspace       used 35613K, committed 35968K, reserved 1114112K
  class space    used 4867K, committed 5056K, reserved 1048576K
}
Event: 7.950 GC heap after
{Heap after GC invocations=9 (full 0):
 garbage-first heap   total 78848K, used 26931K [0x0000000080000000, 0x0000000100000000)
  region size 1024K, 2 young (2048K), 2 survivors (2048K)
 Metaspace       used 35613K, committed 35968K, reserved 1114112K
  class space    used 4867K, committed 5056K, reserved 1048576K
}
Event: 8.767 GC heap before
{Heap before GC invocations=10 (full 0):
 garbage-first heap   total 78848K, used 58675K [0x0000000080000000, 0x0000000100000000)
  region size 1024K, 34 young (34816K), 2 survivors (2048K)
 Metaspace       used 42107K, committed 42432K, reserved 1114112K
  class space    used 5617K, committed 5760K, reserved 1048576K
}
Event: 8.772 GC heap after
{Heap after GC invocations=11 (full 0):
 garbage-first heap   total 78848K, used 30422K [0x0000000080000000, 0x0000000100000000)
  region size 1024K, 5 young (5120K), 5 survivors (5120K)
 Metaspace       used 42107K, committed 42432K, reserved 1114112K
  class space    used 5617K, committed 5760K, reserved 1048576K
}

Dll operation events (3 events):
Event: 0.012 Loaded shared library C:\Program Files\Android\Android Studio\jbr\bin\java.dll
Event: 0.369 Loaded shared library C:\Program Files\Android\Android Studio\jbr\bin\zip.dll
Event: 1.275 Loaded shared library C:\Program Files\Android\Android Studio\jbr\bin\verify.dll

Deoptimization events (20 events):
Event: 8.455 Thread 0x00000250e0ff4890 DEOPT PACKING pc=0x00000250cb984120 sp=0x000000b5a89f8b70
Event: 8.455 Thread 0x00000250e0ff4890 DEOPT UNPACKING pc=0x00000250cb28a1a3 sp=0x000000b5a89f8b08 mode 2
Event: 8.575 Thread 0x00000250e0ff4890 DEOPT PACKING pc=0x00000250c418b354 sp=0x000000b5a89f8280
Event: 8.575 Thread 0x00000250e0ff4890 DEOPT UNPACKING pc=0x00000250cb28ace3 sp=0x000000b5a89f77d8 mode 0
Event: 8.692 Thread 0x00000250e0ff4890 Uncommon trap: trap_request=0xffffff45 fr.pc=0x00000250cb90e1d8 relative=0x0000000000004b58
Event: 8.692 Thread 0x00000250e0ff4890 Uncommon trap: reason=unstable_if action=reinterpret pc=0x00000250cb90e1d8 method=java.lang.ClassLoader.getClassLoadingLock(Ljava/lang/String;)Ljava/lang/Object; @ 6 c2
Event: 8.692 Thread 0x00000250e0ff4890 DEOPT PACKING pc=0x00000250cb90e1d8 sp=0x000000b5a89f8ec0
Event: 8.692 Thread 0x00000250e0ff4890 DEOPT UNPACKING pc=0x00000250cb28a1a3 sp=0x000000b5a89f8eb0 mode 2
Event: 8.704 Thread 0x00000250e0ff4890 Uncommon trap: trap_request=0xffffffc6 fr.pc=0x00000250cb9893e4 relative=0x0000000000004524
Event: 8.704 Thread 0x00000250e0ff4890 Uncommon trap: reason=bimorphic_or_optimized_type_check action=maybe_recompile pc=0x00000250cb9893e4 method=java.net.URL.<init>(Ljava/net/URL;Ljava/lang/String;Ljava/net/URLStreamHandler;)V @ 504 c2
Event: 8.704 Thread 0x00000250e0ff4890 DEOPT PACKING pc=0x00000250cb9893e4 sp=0x000000b5a89f8600
Event: 8.704 Thread 0x00000250e0ff4890 DEOPT UNPACKING pc=0x00000250cb28a1a3 sp=0x000000b5a89f85a0 mode 2
Event: 8.826 Thread 0x00000250e0ff4890 Uncommon trap: trap_request=0xffffff45 fr.pc=0x00000250cb8da800 relative=0x00000000000000e0
Event: 8.826 Thread 0x00000250e0ff4890 Uncommon trap: reason=unstable_if action=reinterpret pc=0x00000250cb8da800 method=java.lang.ClassLoader.getClassLoadingLock(Ljava/lang/String;)Ljava/lang/Object; @ 6 c2
Event: 8.826 Thread 0x00000250e0ff4890 DEOPT PACKING pc=0x00000250cb8da800 sp=0x000000b5a89f8ee0
Event: 8.826 Thread 0x00000250e0ff4890 DEOPT UNPACKING pc=0x00000250cb28a1a3 sp=0x000000b5a89f8e70 mode 2
Event: 8.834 Thread 0x00000250e0ff4890 Uncommon trap: trap_request=0xffffff6e fr.pc=0x00000250cb9ef26c relative=0x000000000000048c
Event: 8.834 Thread 0x00000250e0ff4890 Uncommon trap: reason=loop_limit_check action=maybe_recompile pc=0x00000250cb9ef26c method=java.util.regex.Pattern$Start.match(Ljava/util/regex/Matcher;ILjava/lang/CharSequence;)Z @ 34 c2
Event: 8.834 Thread 0x00000250e0ff4890 DEOPT PACKING pc=0x00000250cb9ef26c sp=0x000000b5a89f8c50
Event: 8.834 Thread 0x00000250e0ff4890 DEOPT UNPACKING pc=0x00000250cb28a1a3 sp=0x000000b5a89f8b90 mode 2

Classes unloaded (0 events):
No events

Classes redefined (0 events):
No events

Internal exceptions (20 events):
Event: 7.549 Thread 0x00000250e0ff4890 Exception <a 'java/lang/NoSuchMethodError'{0x00000000835641c8}: 'java.lang.Object java.lang.invoke.DirectMethodHandle$Holder.invokeSpecialIFC(java.lang.Object, java.lang.Object, java.lang.Object, java.lang.Object)'> (0x00000000835641c8) 
thrown [s\src\hotspot\share\interpreter\linkResolver.cpp, line 771]
Event: 7.584 Thread 0x00000250e0ff4890 Exception <a 'java/lang/NoSuchMethodError'{0x00000000835ce8c8}: 'java.lang.Object java.lang.invoke.DirectMethodHandle$Holder.newInvokeSpecial(java.lang.Object, java.lang.Object, java.lang.Object, java.lang.Object, java.lang.Object, java.lang.Object, java.lang.Object, java.lang.Object, java.lang.Object, java.lang.Object)'> (0x00000000835ce8c8) 
thrown [s\src\hotspot\share\interpreter\linkResolver.cpp, line 771]
Event: 7.584 Thread 0x00000250e0ff4890 Exception <a 'java/lang/NoSuchMethodError'{0x00000000835d37b0}: 'java.lang.Object java.lang.invoke.Invokers$Holder.linkToTargetMethod(java.lang.Object, java.lang.Object, java.lang.Object, java.lang.Object, java.lang.Object, java.lang.Object, java.lang.Object, java.lang.Object, java.lang.Object, java.lang.Object)'> (0x00000000835d37b0) 
thrown [s\src\hotspot\share\interpreter\linkResolver.cpp, line 771]
Event: 7.699 Thread 0x00000250e0ff4890 Implicit null exception at 0x00000250cb82638a to 0x00000250cb8268c8
Event: 7.883 Thread 0x00000250e0ff4890 Exception <a 'java/lang/NoSuchMethodError'{0x0000000085beaf20}: 'void java.lang.invoke.DirectMethodHandle$Holder.invokeStaticInit(java.lang.Object, java.lang.Object, java.lang.Object, java.lang.Object)'> (0x0000000085beaf20) 
thrown [s\src\hotspot\share\interpreter\linkResolver.cpp, line 771]
Event: 7.934 Thread 0x00000250e0ff4890 Exception <a 'java/lang/NoSuchMethodError'{0x00000000859e1d30}: 'java.lang.Object java.lang.invoke.DirectMethodHandle$Holder.invokeStaticInit(java.lang.Object, java.lang.Object, java.lang.Object)'> (0x00000000859e1d30) 
thrown [s\src\hotspot\share\interpreter\linkResolver.cpp, line 771]
Event: 7.962 Thread 0x00000250e0ff4890 Exception <a 'java/lang/NoSuchMethodError'{0x0000000087bb57b8}: 'java.lang.Object java.lang.invoke.DirectMethodHandle$Holder.newInvokeSpecial(java.lang.Object, java.lang.Object, java.lang.Object, java.lang.Object, java.lang.Object, java.lang.Object, java.lang.Object, java.lang.Object, java.lang.Object, java.lang.Object, java.lang.Object)'> (0x0000000087bb57b8) 
thrown [s\src\hotspot\share\interpreter\linkResolver.cpp, line 771]
Event: 7.963 Thread 0x00000250e0ff4890 Exception <a 'java/lang/NoSuchMethodError'{0x0000000087bbb2f0}: 'java.lang.Object java.lang.invoke.DirectMethodHandle$Holder.invokeSpecial(java.lang.Object, java.lang.Object, java.lang.Object, java.lang.Object, java.lang.Object, java.lang.Object, java.lang.Object, java.lang.Object, java.lang.Object, java.lang.Object, java.lang.Object, java.lang.Object)'> (0x0000000087bbb2f0) 
thrown [s\src\hotspot\share\interpreter\linkResolver.cpp, line 771]
Event: 7.963 Thread 0x00000250e0ff4890 Exception <a 'java/lang/NoSuchMethodError'{0x0000000087bc0988}: 'java.lang.Object java.lang.invoke.Invokers$Holder.linkToTargetMethod(java.lang.Object, java.lang.Object, java.lang.Object, java.lang.Object, java.lang.Object, java.lang.Object, java.lang.Object, java.lang.Object, java.lang.Object, java.lang.Object, java.lang.Object)'> (0x0000000087bc0988) 
thrown [s\src\hotspot\share\interpreter\linkResolver.cpp, line 771]
Event: 8.267 Thread 0x00000250e0ff4890 Implicit null exception at 0x00000250cb9540eb to 0x00000250cb954584
Event: 8.332 Thread 0x00000250e0ff4890 Exception <a 'java/lang/NoSuchMethodError'{0x0000000083c0c520}: 'void java.lang.invoke.DirectMethodHandle$Holder.invokeStaticInit(java.lang.Object, java.lang.Object, java.lang.Object)'> (0x0000000083c0c520) 
thrown [s\src\hotspot\share\interpreter\linkResolver.cpp, line 771]
Event: 8.336 Thread 0x00000250e0ff4890 Exception <a 'java/lang/NoSuchMethodError'{0x0000000083c374b0}: 'void java.lang.invoke.DirectMethodHandle$Holder.invokeStaticInit(java.lang.Object, java.lang.Object, java.lang.Object, java.lang.Object, java.lang.Object)'> (0x0000000083c374b0) 
thrown [s\src\hotspot\share\interpreter\linkResolver.cpp, line 771]
Event: 8.346 Thread 0x00000250e0ff4890 Exception <a 'java/lang/NoSuchMethodError'{0x0000000083c91b48}: 'int java.lang.invoke.DirectMethodHandle$Holder.invokeStaticInit(java.lang.Object, java.lang.Object, java.lang.Object, java.lang.Object)'> (0x0000000083c91b48) 
thrown [s\src\hotspot\share\interpreter\linkResolver.cpp, line 771]
Event: 8.629 Thread 0x00000250e0ff4890 Exception <a 'java/lang/ClassNotFoundException'{0x0000000083149348}: groovy/lang/ExpandoMetaClassBeanInfo> (0x0000000083149348) 
thrown [s\src\hotspot\share\classfile\systemDictionary.cpp, line 256]
Event: 8.629 Thread 0x00000250e0ff4890 Exception <a 'java/lang/ClassNotFoundException'{0x0000000083160000}: groovy/lang/MetaClassImplBeanInfo> (0x0000000083160000) 
thrown [s\src\hotspot\share\classfile\systemDictionary.cpp, line 256]
Event: 8.629 Thread 0x00000250e0ff4890 Exception <a 'java/lang/ClassNotFoundException'{0x00000000831651f8}: java/lang/ObjectBeanInfo> (0x00000000831651f8) 
thrown [s\src\hotspot\share\classfile\systemDictionary.cpp, line 256]
Event: 8.630 Thread 0x00000250e0ff4890 Exception <a 'java/lang/ClassNotFoundException'{0x000000008316b628}: java/lang/ObjectCustomizer> (0x000000008316b628) 
thrown [s\src\hotspot\share\classfile\systemDictionary.cpp, line 256]
Event: 8.632 Thread 0x00000250e0ff4890 Exception <a 'java/lang/IncompatibleClassChangeError'{0x000000008317b058}: Found class java.lang.Object, but interface was expected> (0x000000008317b058) 
thrown [s\src\hotspot\share\interpreter\linkResolver.cpp, line 838]
Event: 8.635 Thread 0x00000250e0ff4890 Exception <a 'java/lang/ClassNotFoundException'{0x00000000831a1c88}: groovy/lang/MetaClassImplCustomizer> (0x00000000831a1c88) 
thrown [s\src\hotspot\share\classfile\systemDictionary.cpp, line 256]
Event: 8.641 Thread 0x00000250e0ff4890 Exception <a 'java/lang/ClassNotFoundException'{0x00000000831d7f78}: groovy/lang/ExpandoMetaClassCustomizer> (0x00000000831d7f78) 
thrown [s\src\hotspot\share\classfile\systemDictionary.cpp, line 256]

VM Operations (20 events):
Event: 7.946 Executing VM operation: CollectForMetadataAllocation
Event: 7.950 Executing VM operation: CollectForMetadataAllocation done
Event: 7.965 Executing VM operation: G1PauseRemark
Event: 7.966 Executing VM operation: G1PauseRemark done
Event: 7.974 Executing VM operation: G1PauseCleanup
Event: 7.974 Executing VM operation: G1PauseCleanup done
Event: 8.255 Executing VM operation: HandshakeAllThreads
Event: 8.255 Executing VM operation: HandshakeAllThreads done
Event: 8.505 Executing VM operation: HandshakeAllThreads
Event: 8.505 Executing VM operation: HandshakeAllThreads done
Event: 8.705 Executing VM operation: HandshakeAllThreads
Event: 8.705 Executing VM operation: HandshakeAllThreads done
Event: 8.705 Executing VM operation: HandshakeAllThreads
Event: 8.706 Executing VM operation: HandshakeAllThreads done
Event: 8.711 Executing VM operation: HandshakeAllThreads
Event: 8.711 Executing VM operation: HandshakeAllThreads done
Event: 8.767 Executing VM operation: G1CollectForAllocation
Event: 8.772 Executing VM operation: G1CollectForAllocation done
Event: 8.840 Executing VM operation: HandshakeAllThreads
Event: 8.840 Executing VM operation: HandshakeAllThreads done

Events (20 events):
Event: 8.838 loading class jdk/internal/jimage/ImageReader$Directory
Event: 8.838 loading class jdk/internal/jimage/ImageReader$Node
Event: 8.838 loading class jdk/internal/jimage/ImageReader$Node done
Event: 8.838 loading class jdk/internal/jimage/ImageReader$Directory done
Event: 8.838 loading class jdk/internal/jrtfs/SystemImage$1
Event: 8.838 loading class jdk/internal/jrtfs/SystemImage$1 done
Event: 8.838 loading class jdk/internal/jimage/ImageReader$SharedImageReader$LocationVisitor
Event: 8.839 loading class jdk/internal/jimage/ImageReader$SharedImageReader$LocationVisitor done
Event: 8.839 loading class java/nio/ByteBufferAsIntBufferL
Event: 8.840 loading class java/nio/ByteBufferAsIntBufferL done
Event: 8.841 loading class jdk/internal/jrtfs/JrtFileAttributes
Event: 8.841 loading class jdk/internal/jrtfs/JrtFileAttributes done
Event: 8.841 loading class jdk/internal/jrtfs/JrtDirectoryStream
Event: 8.841 loading class jdk/internal/jrtfs/JrtDirectoryStream done
Event: 8.841 loading class jdk/internal/jrtfs/JrtDirectoryStream$1
Event: 8.841 loading class jdk/internal/jrtfs/JrtDirectoryStream$1 done
Event: 8.842 loading class java/util/function/BooleanSupplier
Event: 8.842 loading class java/util/function/BooleanSupplier done
Event: 8.842 loading class jdk/internal/jimage/ImageReader$Resource
Event: 8.842 loading class jdk/internal/jimage/ImageReader$Resource done


Dynamic libraries:
0x00007ff7615a0000 - 0x00007ff7615aa000 	C:\Program Files\Android\Android Studio\jbr\bin\java.exe
0x00007ffe7b120000 - 0x00007ffe7b387000 	C:\WINDOWS\SYSTEM32\ntdll.dll
0x00007ffe79910000 - 0x00007ffe799d9000 	C:\WINDOWS\System32\KERNEL32.DLL
0x00007ffe77fc0000 - 0x00007ffe783b7000 	C:\WINDOWS\System32\KERNELBASE.dll
0x00007ffe77d90000 - 0x00007ffe77edb000 	C:\WINDOWS\System32\ucrtbase.dll
0x00007ffe1da00000 - 0x00007ffe1da17000 	C:\Program Files\Android\Android Studio\jbr\bin\jli.dll
0x00007ffe18d10000 - 0x00007ffe18d2b000 	C:\Program Files\Android\Android Studio\jbr\bin\VCRUNTIME140.dll
0x00007ffe78fc0000 - 0x00007ffe79186000 	C:\WINDOWS\System32\USER32.dll
0x00007ffe77f90000 - 0x00007ffe77fb7000 	C:\WINDOWS\System32\win32u.dll
0x00007ffe5f2d0000 - 0x00007ffe5f562000 	C:\WINDOWS\WinSxS\amd64_microsoft.windows.common-controls_6595b64144ccf1df_6.0.26100.8457_none_3e0b2faee331e92d\COMCTL32.dll
0x00007ffe7a860000 - 0x00007ffe7a88b000 	C:\WINDOWS\System32\GDI32.dll
0x00007ffe7a700000 - 0x00007ffe7a7a9000 	C:\WINDOWS\System32\msvcrt.dll
0x00007ffe78ce0000 - 0x00007ffe78e0c000 	C:\WINDOWS\System32\gdi32full.dll
0x00007ffe78c30000 - 0x00007ffe78cd3000 	C:\WINDOWS\System32\msvcp_win.dll
0x00007ffe79a70000 - 0x00007ffe79aa2000 	C:\WINDOWS\System32\IMM32.DLL
0x00007ffe21f60000 - 0x00007ffe21f6c000 	C:\Program Files\Android\Android Studio\jbr\bin\vcruntime140_1.dll
0x00007ffdb69c0000 - 0x00007ffdb6a4d000 	C:\Program Files\Android\Android Studio\jbr\bin\msvcp140.dll
0x00007ffdb6b70000 - 0x00007ffdb77f3000 	C:\Program Files\Android\Android Studio\jbr\bin\server\jvm.dll
0x00007ffe7a930000 - 0x00007ffe7a9e6000 	C:\WINDOWS\System32\ADVAPI32.dll
0x00007ffe7a7b0000 - 0x00007ffe7a857000 	C:\WINDOWS\System32\sechost.dll
0x00007ffe78ea0000 - 0x00007ffe78fb8000 	C:\WINDOWS\System32\RPCRT4.dll
0x00007ffe67140000 - 0x00007ffe6714a000 	C:\WINDOWS\SYSTEM32\WSOCK32.dll
0x00007ffe668c0000 - 0x00007ffe668cb000 	C:\WINDOWS\SYSTEM32\VERSION.dll
0x00007ffe70470000 - 0x00007ffe704a6000 	C:\WINDOWS\SYSTEM32\WINMM.dll
0x00007ffe7a890000 - 0x00007ffe7a910000 	C:\WINDOWS\System32\WS2_32.dll
0x00007ffe779d0000 - 0x00007ffe77a2e000 	C:\WINDOWS\SYSTEM32\POWRPROF.dll
0x00007ffe779b0000 - 0x00007ffe779c4000 	C:\WINDOWS\SYSTEM32\UMPDC.dll
0x00007ffe768c0000 - 0x00007ffe768db000 	C:\WINDOWS\SYSTEM32\kernel.appcore.dll
0x00007ffe53490000 - 0x00007ffe5349a000 	C:\Program Files\Android\Android Studio\jbr\bin\jimage.dll
0x00007ffe75a70000 - 0x00007ffe75cb2000 	C:\WINDOWS\SYSTEM32\DBGHELP.DLL
0x00007ffe7a2c0000 - 0x00007ffe7a643000 	C:\WINDOWS\System32\combase.dll
0x00007ffe79ea0000 - 0x00007ffe79f79000 	C:\WINDOWS\System32\OLEAUT32.dll
0x00007ffe703f0000 - 0x00007ffe7042b000 	C:\WINDOWS\SYSTEM32\dbgcore.DLL
0x00007ffe77ee0000 - 0x00007ffe77f88000 	C:\WINDOWS\System32\bcryptPrimitives.dll
0x00007ffe277c0000 - 0x00007ffe277ce000 	C:\Program Files\Android\Android Studio\jbr\bin\instrument.dll
0x00007ffe210c0000 - 0x00007ffe210e5000 	C:\Program Files\Android\Android Studio\jbr\bin\java.dll
0x00007ffe22eb0000 - 0x00007ffe22ec8000 	C:\Program Files\Android\Android Studio\jbr\bin\zip.dll
0x00007ffe79190000 - 0x00007ffe798fe000 	C:\WINDOWS\System32\SHELL32.dll
0x00007ffe783c0000 - 0x00007ffe78c2c000 	C:\WINDOWS\System32\windows.storage.dll
0x00007ffe7afd0000 - 0x00007ffe7b0c6000 	C:\WINDOWS\System32\SHCORE.dll
0x00007ffe7a650000 - 0x00007ffe7a6b6000 	C:\WINDOWS\System32\shlwapi.dll
0x00007ffe77a70000 - 0x00007ffe77a99000 	C:\WINDOWS\SYSTEM32\profapi.dll
0x00007ffe1da40000 - 0x00007ffe1da59000 	C:\Program Files\Android\Android Studio\jbr\bin\net.dll
0x00007ffe67280000 - 0x00007ffe673a9000 	C:\WINDOWS\SYSTEM32\WINHTTP.dll
0x00007ffe76e50000 - 0x00007ffe76ebc000 	C:\WINDOWS\system32\mswsock.dll
0x00007ffe1da20000 - 0x00007ffe1da36000 	C:\Program Files\Android\Android Studio\jbr\bin\nio.dll
0x00007ffe29870000 - 0x00007ffe29880000 	C:\Program Files\Android\Android Studio\jbr\bin\verify.dll
0x00007ffdb6a50000 - 0x00007ffdb6a77000 	C:\Users\Dell\.gradle\native\c067742578af261105cb4f569cf0c3c89f3d7b1fecec35dd04571415982c5e48\windows-amd64\native-platform.dll
0x00007ffdb6870000 - 0x00007ffdb69b4000 	C:\Users\Dell\.gradle\native\100fb08df4bc3b14c8652ba06237920a3bd2aa13389f12d3474272988ae205f9\windows-amd64\native-platform-file-events.dll
0x00007ffe2c530000 - 0x00007ffe2c539000 	C:\Program Files\Android\Android Studio\jbr\bin\management.dll
0x00007ffe29ca0000 - 0x00007ffe29cab000 	C:\Program Files\Android\Android Studio\jbr\bin\management_ext.dll
0x00007ffe7b0d0000 - 0x00007ffe7b0d8000 	C:\WINDOWS\System32\PSAPI.DLL
0x00007ffe77140000 - 0x00007ffe7715b000 	C:\WINDOWS\SYSTEM32\CRYPTSP.dll
0x00007ffe76820000 - 0x00007ffe76859000 	C:\WINDOWS\system32\rsaenh.dll
0x00007ffe76f00000 - 0x00007ffe76f33000 	C:\WINDOWS\SYSTEM32\USERENV.dll
0x00007ffe77a40000 - 0x00007ffe77a6a000 	C:\WINDOWS\SYSTEM32\bcrypt.dll
0x00007ffe77130000 - 0x00007ffe7713c000 	C:\WINDOWS\SYSTEM32\CRYPTBASE.dll
0x00007ffe762a0000 - 0x00007ffe762d2000 	C:\WINDOWS\SYSTEM32\IPHLPAPI.DLL
0x00007ffe79ab0000 - 0x00007ffe79aba000 	C:\WINDOWS\System32\NSI.dll
0x00007ffe6e750000 - 0x00007ffe6e76d000 	C:\WINDOWS\SYSTEM32\dhcpcsvc6.DLL
0x00007ffe6e720000 - 0x00007ffe6e745000 	C:\WINDOWS\SYSTEM32\dhcpcsvc.DLL
0x00007ffe762e0000 - 0x00007ffe76412000 	C:\WINDOWS\SYSTEM32\DNSAPI.dll
0x00007ffe2ca10000 - 0x00007ffe2ca19000 	C:\Program Files\Android\Android Studio\jbr\bin\extnet.dll
0x00007ffe444d0000 - 0x00007ffe444d8000 	C:\WINDOWS\system32\wshunix.dll

dbghelp: loaded successfully - version: 4.0.5 - missing functions: none
symbol engine: initialized successfully - sym options: 0x614 - pdb path: .;C:\Program Files\Android\Android Studio\jbr\bin;C:\WINDOWS\SYSTEM32;C:\WINDOWS\WinSxS\amd64_microsoft.windows.common-controls_6595b64144ccf1df_6.0.26100.8457_none_3e0b2faee331e92d;C:\Program Files\Android\Android Studio\jbr\bin\server;C:\Users\Dell\.gradle\native\c067742578af261105cb4f569cf0c3c89f3d7b1fecec35dd04571415982c5e48\windows-amd64;C:\Users\Dell\.gradle\native\100fb08df4bc3b14c8652ba06237920a3bd2aa13389f12d3474272988ae205f9\windows-amd64

VM Arguments:
jvm_args: --add-opens=java.base/java.util=ALL-UNNAMED --add-opens=java.base/java.lang=ALL-UNNAMED --add-opens=java.base/java.lang.invoke=ALL-UNNAMED --add-opens=java.prefs/java.util.prefs=ALL-UNNAMED --add-exports=jdk.compiler/com.sun.tools.javac.api=ALL-UNNAMED --add-exports=jdk.compiler/com.sun.tools.javac.util=ALL-UNNAMED --add-opens=java.base/java.nio.charset=ALL-UNNAMED --add-opens=java.base/java.net=ALL-UNNAMED --add-opens=java.base/java.util.concurrent.atomic=ALL-UNNAMED -Xmx2048m -Dfile.encoding=UTF-8 -Duser.country=ID -Duser.language=en -Duser.variant -javaagent:C:\Users\Dell\.gradle\wrapper\dists\gradle-8.10-all\3ym48ijgw9iixtry4iwty4ydy\gradle-8.10\lib\agents\gradle-instrumentation-agent-8.10.jar 
java_command: org.gradle.launcher.daemon.bootstrap.GradleDaemon 8.10
java_class_path (initial): C:\Users\Dell\.gradle\wrapper\dists\gradle-8.10-all\3ym48ijgw9iixtry4iwty4ydy\gradle-8.10\lib\gradle-daemon-main-8.10.jar
Launcher Type: SUN_STANDARD

[Global flags]
     intx CICompilerCount                          = 4                                         {product} {ergonomic}
     uint ConcGCThreads                            = 2                                         {product} {ergonomic}
     uint G1ConcRefinementThreads                  = 8                                         {product} {ergonomic}
   size_t G1HeapRegionSize                         = 1048576                                   {product} {ergonomic}
    uintx GCDrainStackTargetSize                   = 64                                        {product} {ergonomic}
   size_t InitialHeapSize                          = 130023424                                 {product} {ergonomic}
   size_t MarkStackSize                            = 4194304                                   {product} {ergonomic}
   size_t MaxHeapSize                              = 2147483648                                {product} {command line}
   size_t MaxNewSize                               = 1287651328                                {product} {ergonomic}
   size_t MinHeapDeltaBytes                        = 1048576                                   {product} {ergonomic}
   size_t MinHeapSize                              = 8388608                                   {product} {ergonomic}
    uintx NonNMethodCodeHeapSize                   = 5839372                                {pd product} {ergonomic}
    uintx NonProfiledCodeHeapSize                  = 122909434                              {pd product} {ergonomic}
    uintx ProfiledCodeHeapSize                     = 122909434                              {pd product} {ergonomic}
    uintx ReservedCodeCacheSize                    = 251658240                              {pd product} {ergonomic}
     bool SegmentedCodeCache                       = true                                      {product} {ergonomic}
   size_t SoftMaxHeapSize                          = 2147483648                             {manageable} {ergonomic}
     bool UseCompressedClassPointers               = true                           {product lp64_product} {ergonomic}
     bool UseCompressedOops                        = true                           {product lp64_product} {ergonomic}
     bool UseG1GC                                  = true                                      {product} {ergonomic}
     bool UseLargePagesIndividualAllocation        = false                                  {pd product} {ergonomic}

Logging:
Log output configuration:
 #0: stdout all=warning uptime,level,tags
 #1: stderr all=off uptime,level,tags

Environment Variables:
PATH=C:\Program Files (x86)\Embarcadero\Studio\23.0\bin;C:\Users\Public\Documents\Embarcadero\Studio\23.0\Bpl;C:\Program Files (x86)\Embarcadero\Studio\23.0\bin64;C:\Users\Public\Documents\Embarcadero\Studio\23.0\Bpl\Win64;C:\WINDOWS\system32;C:\WINDOWS;C:\WINDOWS\System32\Wbem;C:\WINDOWS\System32\WindowsPowerShell\v1.0\;C:\WINDOWS\System32\OpenSSH\;C:\Program Files\dotnet\;C:\xampp\php;C:\composer;C:\Program Files\Git\cmd;C:\Program Files (x86)\Windows Kits\10\Windows Performance Toolkit\;C:\Program Files\nodejs\;C:\Program Files\PuTTY\;C:\Users\Dell\AppData\Local\Programs\Python\Python311\;C:\Users\Dell\AppData\Local\Programs\Python\Python311\Scripts\;C:\Users\Dell\AppData\Local\Microsoft\WindowsApps;C:\Users\Dell\AppData\Local\Programs\Microsoft VS Code\bin;C:\Users\Dell\AppData\Roaming\Composer\vendor\bin;C:\Users\Dell\.dotnet\tools;C:\Users\Dell\AppData\Roaming\npm;C:\Program Files\mosquitto;C:\Users\Dell\AppData\Local\Microsoft\WinGet\Packages\LiveKit.LiveKitCLI_Microsoft.Winget.Source_8wekyb3d8bbwe;
USERNAME=Dell
OS=Windows_NT
PROCESSOR_IDENTIFIER=Intel64 Family 6 Model 140 Stepping 1, GenuineIntel
TMP=C:\Users\Dell\AppData\Local\Temp
TEMP=C:\Users\Dell\AppData\Local\Temp



Periodic native trim disabled

JNI global refs:
JNI global refs: 24, weak refs: 0

JNI global refs memory usage: 843, weak refs: 841

Process memory usage:
Resident Set Size: 228600K (2% of 8121124K total physical memory with 612296K free physical memory)

OOME stack traces (most recent first):
Classloader memory used:
Loader org.gradle.internal.classloader.VisitableURLClassLoader                         : 2414K
Loader bootstrap                                                                       : 2292K
Loader org.gradle.initialization.MixInLegacyTypesClassLoader                           : 504K
Loader jdk.internal.loader.ClassLoaders$PlatformClassLoader                            : 65784B
Loader jdk.internal.loader.ClassLoaders$AppClassLoader                                 : 29273B
Loader jdk.internal.reflect.DelegatingClassLoader                                      : 5031B

Classes loaded by more than one classloader:
Class org.gradle.internal.installation.GradleInstallation                             : loaded 2 times (x 73B)
Class org.gradle.internal.classpath.ClassPath                                         : loaded 2 times (x 68B)
Class org.gradle.api.internal.classpath.DefaultModuleRegistry                         : loaded 2 times (x 84B)
Class org.gradle.api.Action                                                           : loaded 2 times (x 68B)
Class org.gradle.api.internal.DefaultClassPathProvider                                : loaded 2 times (x 74B)
Class org.gradle.internal.installation.GradleInstallation$1                           : loaded 2 times (x 73B)
Class org.gradle.internal.classloader.FilteringClassLoader                            : loaded 2 times (x 103B)
Class org.gradle.internal.classpath.DefaultClassPath$ImmutableUniqueList$Builder      : loaded 2 times (x 73B)
Class org.gradle.internal.classloader.ClassLoaderVisitor                              : loaded 2 times (x 74B)
Class org.gradle.internal.service.DefaultServiceLocator                               : loaded 2 times (x 81B)
Class org.gradle.internal.service.UnknownServiceException                             : loaded 2 times (x 81B)
Class org.gradle.internal.classloader.DefaultClassLoaderFactory                       : loaded 2 times (x 80B)
Class org.gradle.internal.classloader.VisitableURLClassLoader$Spec                    : loaded 2 times (x 72B)
Class org.gradle.api.GradleException                                                  : loaded 2 times (x 80B)
Class org.gradle.api.internal.classpath.ModuleRegistry                                : loaded 2 times (x 68B)
Class org.gradle.api.internal.ClassPathProvider                                       : loaded 2 times (x 68B)
Class org.gradle.internal.classloader.ClasspathUtil$1                                 : loaded 2 times (x 74B)
Class org.gradle.internal.classloader.ClassLoaderFactory                              : loaded 2 times (x 68B)
Class org.gradle.api.internal.classpath.ManifestUtil                                  : loaded 2 times (x 69B)
Class org.gradle.api.specs.Spec                                                       : loaded 2 times (x 68B)
Class org.gradle.internal.IoActions                                                   : loaded 2 times (x 69B)
Class org.gradle.api.internal.classpath.EffectiveClassPath                            : loaded 2 times (x 88B)
Class org.gradle.internal.installation.CurrentGradleInstallation                      : loaded 2 times (x 71B)
Class org.gradle.internal.installation.CurrentGradleInstallationLocator               : loaded 2 times (x 69B)
Class org.gradle.api.internal.classpath.Module                                        : loaded 2 times (x 68B)
Class org.gradle.internal.service.CachingServiceLocator                               : loaded 2 times (x 80B)
Class org.gradle.internal.classpath.DefaultClassPath                                  : loaded 2 times (x 88B)
Class org.gradle.internal.classloader.SystemClassLoaderSpec                           : loaded 2 times (x 69B)
Class org.gradle.api.UncheckedIOException                                             : loaded 2 times (x 80B)
Class org.gradle.api.internal.classpath.GlobalCacheRootsProvider                      : loaded 2 times (x 68B)
Class org.gradle.internal.classloader.ClasspathUtil                                   : loaded 2 times (x 69B)
Class org.gradle.api.internal.DefaultClassPathRegistry                                : loaded 2 times (x 74B)
Class org.gradle.api.internal.classpath.DefaultModuleRegistry$DefaultModule           : loaded 2 times (x 84B)
Class org.gradle.api.internal.classpath.UnknownModuleException                        : loaded 2 times (x 80B)
Class org.gradle.internal.service.ServiceLookupException                              : loaded 2 times (x 80B)
Class [Lorg.gradle.api.internal.ClassPathProvider;                                    : loaded 2 times (x 67B)
Class org.gradle.util.internal.GUtil                                                  : loaded 2 times (x 69B)
Class org.gradle.internal.classloader.ClassLoaderSpec                                 : loaded 2 times (x 69B)
Class org.gradle.internal.classloader.InstrumentingClassLoader                        : loaded 2 times (x 68B)
Class org.gradle.internal.classloader.VisitableURLClassLoader                         : loaded 2 times (x 115B)
Class org.gradle.internal.Cast                                                        : loaded 2 times (x 69B)
Class org.gradle.api.internal.ClassPathRegistry                                       : loaded 2 times (x 68B)
Class org.gradle.internal.classloader.VisitableURLClassLoader$InstrumentingVisitableURLClassLoader: loaded 2 times (x 121B)
Class org.gradle.internal.classloader.ClassLoaderHierarchy                            : loaded 2 times (x 68B)
Class org.gradle.internal.InternalTransformer                                         : loaded 2 times (x 68B)
Class org.gradle.internal.service.ServiceLocator                                      : loaded 2 times (x 68B)
Class org.gradle.internal.classpath.DefaultClassPath$ImmutableUniqueList              : loaded 2 times (x 159B)
Class org.gradle.internal.classpath.TransformedClassPath                              : loaded 2 times (x 94B)


---------------  S Y S T E M  ---------------

OS:
 Windows 11 , 64 bit Build 26100 (10.0.26100.8328)
OS uptime: 4 days 23:48 hours
Hyper-V role detected

CPU: total 8 (initial active 8) (4 cores per cpu, 2 threads per core) family 6 model 140 stepping 1 microcode 0xbc, cx8, cmov, fxsr, ht, mmx, 3dnowpref, sse, sse2, sse3, ssse3, sse4.1, sse4.2, popcnt, lzcnt, tsc, tscinvbit, avx, avx2, aes, erms, clmul, bmi1, bmi2, adx, avx512f, avx512dq, avx512cd, avx512bw, avx512vl, sha, fma, vzeroupper, avx512_vpopcntdq, avx512_vpclmulqdq, avx512_vaes, avx512_vnni, clflush, clflushopt, clwb, avx512_vbmi2, avx512_vbmi, hv
Processor Information for processor 0
  Max Mhz: 1190, Current Mhz: 991, Mhz Limit: 1190
Processor Information for processor 1
  Max Mhz: 1190, Current Mhz: 1190, Mhz Limit: 1190
Processor Information for processor 2
  Max Mhz: 1190, Current Mhz: 1190, Mhz Limit: 1190
Processor Information for processor 3
  Max Mhz: 1190, Current Mhz: 991, Mhz Limit: 1190
Processor Information for processor 4
  Max Mhz: 1190, Current Mhz: 991, Mhz Limit: 1190
Processor Information for processor 5
  Max Mhz: 1190, Current Mhz: 1190, Mhz Limit: 1190
Processor Information for processor 6
  Max Mhz: 1190, Current Mhz: 1190, Mhz Limit: 1190
Processor Information for processor 7
  Max Mhz: 1190, Current Mhz: 991, Mhz Limit: 1190

Memory: 4k page, system-wide physical 7930M (597M free)
TotalPageFile size 21465M (AvailPageFile size 3M)
current process WorkingSet (physical memory assigned to process): 223M, peak: 223M
current process commit charge ("private bytes"): 262M, peak: 264M

vm_info: OpenJDK 64-Bit Server VM (17.0.11+0--11852314) for windows-amd64 JRE (17.0.11+0--11852314), built on May 16 2024 21:29:20 by "androidbuild" with MS VC++ 16.10 / 16.11 (VS2019)

END.
